<html>
<body>
<pre>
<h1>µVision Build Log</h1>
<h2>Tool Versions:</h2>
IDE-Version: •ÏVision V5.14.0.0
Copyright (C) 2015 ARM Ltd and ARM Germany GmbH. All rights reserved.
License Information: aad Microsoft, Microsoft, LIC=CRMHL-0H8X6-C0VN2-9G70S-FK8D8-99BFF
 
Tool Versions:
Toolchain:       MDK-ARM Professional  Version: 5.14.0.0
Toolchain Path:  C:\Keil_v5\ARM\ARMCC\Bin
C Compiler:      Armcc.exe V5.05 update 1 (build 106)
Assembler:       Armasm.exe V5.05 update 1 (build 106)
Linker/Locator:  ArmLink.exe V5.05 update 1 (build 106)
Library Manager: ArmAr.exe V5.05 update 1 (build 106)
Hex Converter:   FromElf.exe V5.05 update 1 (build 106)
CPU DLL:         SARMCM3.DLL V5.14.0.0
Dialog DLL:      DARMSTM.DLL V1.65.0.0
Target DLL:      Segger\JL2CM3.dll V2.99.13.0
Dialog DLL:      TARMSTM.DLL V1.64.0.0
 
<h2>Project:</h2>
E:\Data\work\Embedded\Work\ARM\CMSIS_ver\__STM32F103ZET6\LCD_bmp\LED_TEST.uvprojx
Project File Date:  12/05/2017

<h2>Output:</h2>
Build target 'Target 1'
compiling my_LCD.c...
linking...
Program Size: Code=2356 RO-data=154008 RW-data=148 ZI-data=1028  
FromELF: creating hex file...
".\Objects\LED_TEST.axf" - 0 Error(s), 0 Warning(s).

<h2>Collection of Component include folders:</h2>
  E:\Data\work\Embedded\Work\ARM\CMSIS_ver\__STM32F103ZET6\LCD_bmp\RTE
  C:\Keil_v5\ARM\PACK\Keil\STM32F1xx_DFP\2.2.0

<h2>Collection of Component Files used:</h2>
</pre>
</body>
</html>
