<html>
<body>
<pre>
<h1>µVision Build Log</h1>
<h2>Tool Versions:</h2>
IDE-Version: •ÏVision V5.14.0.0
Copyright (C) 2015 ARM Ltd and ARM Germany GmbH. All rights reserved.
License Information: aad Microsoft, Microsoft, LIC=----
 
Tool Versions:
Toolchain:       MDK-Lite  Version: 5.14.0.0
Toolchain Path:  C:\Keil_v5\ARM\ARMCC\Bin
C Compiler:      Armcc.exe V5.05 update 1 (build 106)
Assembler:       Armasm.exe V5.05 update 1 (build 106)
Linker/Locator:  ArmLink.exe V5.05 update 1 (build 106)
Library Manager: ArmAr.exe V5.05 update 1 (build 106)
Hex Converter:   FromElf.exe V5.05 update 1 (build 106)
CPU DLL:         SARMCM3.DLL V5.14.0.0
Dialog DLL:      DARMSTM.DLL V1.65.0.0
Target DLL:      Segger\JL2CM3.dll V2.99.13.0
Dialog DLL:      TARMSTM.DLL V1.64.0.0
 
<h2>Project:</h2>
E:\Data\work\Embedded\Work\ARM\CMSIS_ver\UART\Multi_servo\IOToggle.uvproj
Project File Date:  11/14/2017

<h2>Output:</h2>
Build target 'IOToggle'
compiling main.c...
src\main.c(140): warning:  #167-D: argument of type "volatile uint16_t *" is incompatible with parameter of type "uint16_t *"
              Throttle(&servoPos[servo_writeSelect], SYS_readData, 2);
src\main.c(262): warning:  #167-D: argument of type "volatile int *" is incompatible with parameter of type "int *"
          usart_readState=USART_ReadData(&SYS_readData);
src\main.c: 2 warnings, 0 errors
linking...
Program Size: Code=3156 RO-data=272 RW-data=72 ZI-data=1072  
FromELF: creating hex file...
".\Out\LIB_32f10x.axf" - 0 Error(s), 2 Warning(s).
</pre>
</body>
</html>
